// Jest Snapshot v1, https://goo.gl/fbAQLP

exports[`Componente de cabeçalho Deve renderizar o conteúdo baseado nas propriedades src e alt 1`] = `
CabecalhoComponent {
  "__ngContext__": 4,
  "alt": "Imagem teste",
  "src": "https://example.com/teste-image.jpg",
}
`;
